I'm sorry, but errors were detected in your script. Please correct the
errors listed below, and try again.


File "game/define.rpy", line 15: Line is indented, but the preceding image statement statement does not expect a block. Please check this line's indentation.
    center
    ^

Ren'Py Version: Ren'Py 8.0.0.22030403n
Wed Mar  9 17:06:34 2022
